------------------------------------------------------------
TimeQuest Timing Analyzer Summary
------------------------------------------------------------

Type  : Slow 1200mV 85C Model Setup 'CLOCK_50'
Slack : -6.049
TNS   : -39.593

Type  : Slow 1200mV 85C Model Setup 'u0|pcie_ip|pcie_internal_hip|cyclone_iii.cycloneiv_hssi_pcie_hip|coreclkout'
Slack : -1.060
TNS   : -102.549

Type  : Slow 1200mV 85C Model Setup 'n/a'
Slack : 13.463
TNS   : 0.000

Type  : Slow 1200mV 85C Model Setup 'altera_reserved_tck'
Slack : 45.366
TNS   : 0.000

Type  : Slow 1200mV 85C Model Hold 'u0|pcie_ip|pcie_internal_hip|cyclone_iii.cycloneiv_hssi_pcie_hip|coreclkout'
Slack : 0.299
TNS   : 0.000

Type  : Slow 1200mV 85C Model Hold 'altera_reserved_tck'
Slack : 0.393
TNS   : 0.000

Type  : Slow 1200mV 85C Model Hold 'CLOCK_50'
Slack : 0.394
TNS   : 0.000

Type  : Slow 1200mV 85C Model Hold 'n/a'
Slack : 5.144
TNS   : 0.000

Type  : Slow 1200mV 85C Model Recovery 'u0|pcie_ip|pcie_internal_hip|cyclone_iii.cycloneiv_hssi_pcie_hip|coreclkout'
Slack : 2.302
TNS   : 0.000

Type  : Slow 1200mV 85C Model Recovery 'CLOCK_50'
Slack : 17.234
TNS   : 0.000

Type  : Slow 1200mV 85C Model Recovery 'altera_reserved_tck'
Slack : 48.500
TNS   : 0.000

Type  : Slow 1200mV 85C Model Removal 'u0|pcie_ip|pcie_internal_hip|cyclone_iii.cycloneiv_hssi_pcie_hip|coreclkout'
Slack : 1.005
TNS   : 0.000

Type  : Slow 1200mV 85C Model Removal 'altera_reserved_tck'
Slack : 1.196
TNS   : 0.000

Type  : Slow 1200mV 85C Model Removal 'CLOCK_50'
Slack : 2.206
TNS   : 0.000

Type  : Slow 1200mV 85C Model Minimum Pulse Width 'u0|pcie_ip|altgx_internal|de2i_150_qsys_pcie_ip_altgx_internal_alt_c3gxb_u7h8_component|transmit_pcs0|hiptxclkout'
Slack : 2.000
TNS   : 0.000

Type  : Slow 1200mV 85C Model Minimum Pulse Width 'u0|pcie_ip|altgx_internal|de2i_150_qsys_pcie_ip_altgx_internal_alt_c3gxb_u7h8_component|transmit_pma0|clockout'
Slack : 2.000
TNS   : 0.000

Type  : Slow 1200mV 85C Model Minimum Pulse Width 'u0|pcie_ip|pcie_internal_hip|cyclone_iii.cycloneiv_hssi_pcie_hip|coreclkout'
Slack : 3.575
TNS   : 0.000

Type  : Slow 1200mV 85C Model Minimum Pulse Width 'u0|pcie_ip|pcie_internal_hip|cyclone_iii.cycloneiv_hssi_pcie_hip|pclkch0'
Slack : 3.977
TNS   : 0.000

Type  : Slow 1200mV 85C Model Minimum Pulse Width 'refclk'
Slack : 4.813
TNS   : 0.000

Type  : Slow 1200mV 85C Model Minimum Pulse Width 'CLOCK_50'
Slack : 9.770
TNS   : 0.000

Type  : Slow 1200mV 85C Model Minimum Pulse Width 'CLOCK2_50'
Slack : 16.000
TNS   : 0.000

Type  : Slow 1200mV 85C Model Minimum Pulse Width 'CLOCK3_50'
Slack : 16.000
TNS   : 0.000

Type  : Slow 1200mV 85C Model Minimum Pulse Width 'altera_reserved_tck'
Slack : 49.756
TNS   : 0.000

Type  : Slow 1200mV 0C Model Setup 'CLOCK_50'
Slack : -5.319
TNS   : -34.268

Type  : Slow 1200mV 0C Model Setup 'u0|pcie_ip|pcie_internal_hip|cyclone_iii.cycloneiv_hssi_pcie_hip|coreclkout'
Slack : -0.206
TNS   : -7.416

Type  : Slow 1200mV 0C Model Setup 'n/a'
Slack : 13.974
TNS   : 0.000

Type  : Slow 1200mV 0C Model Setup 'altera_reserved_tck'
Slack : 45.799
TNS   : 0.000

Type  : Slow 1200mV 0C Model Hold 'u0|pcie_ip|pcie_internal_hip|cyclone_iii.cycloneiv_hssi_pcie_hip|coreclkout'
Slack : 0.303
TNS   : 0.000

Type  : Slow 1200mV 0C Model Hold 'altera_reserved_tck'
Slack : 0.343
TNS   : 0.000

Type  : Slow 1200mV 0C Model Hold 'CLOCK_50'
Slack : 0.346
TNS   : 0.000

Type  : Slow 1200mV 0C Model Hold 'n/a'
Slack : 4.712
TNS   : 0.000

Type  : Slow 1200mV 0C Model Recovery 'u0|pcie_ip|pcie_internal_hip|cyclone_iii.cycloneiv_hssi_pcie_hip|coreclkout'
Slack : 2.816
TNS   : 0.000

Type  : Slow 1200mV 0C Model Recovery 'CLOCK_50'
Slack : 17.443
TNS   : 0.000

Type  : Slow 1200mV 0C Model Recovery 'altera_reserved_tck'
Slack : 48.637
TNS   : 0.000

Type  : Slow 1200mV 0C Model Removal 'u0|pcie_ip|pcie_internal_hip|cyclone_iii.cycloneiv_hssi_pcie_hip|coreclkout'
Slack : 0.911
TNS   : 0.000

Type  : Slow 1200mV 0C Model Removal 'altera_reserved_tck'
Slack : 1.097
TNS   : 0.000

Type  : Slow 1200mV 0C Model Removal 'CLOCK_50'
Slack : 1.975
TNS   : 0.000

Type  : Slow 1200mV 0C Model Minimum Pulse Width 'u0|pcie_ip|altgx_internal|de2i_150_qsys_pcie_ip_altgx_internal_alt_c3gxb_u7h8_component|transmit_pcs0|hiptxclkout'
Slack : 2.000
TNS   : 0.000

Type  : Slow 1200mV 0C Model Minimum Pulse Width 'u0|pcie_ip|altgx_internal|de2i_150_qsys_pcie_ip_altgx_internal_alt_c3gxb_u7h8_component|transmit_pma0|clockout'
Slack : 2.000
TNS   : 0.000

Type  : Slow 1200mV 0C Model Minimum Pulse Width 'u0|pcie_ip|pcie_internal_hip|cyclone_iii.cycloneiv_hssi_pcie_hip|coreclkout'
Slack : 3.522
TNS   : 0.000

Type  : Slow 1200mV 0C Model Minimum Pulse Width 'u0|pcie_ip|pcie_internal_hip|cyclone_iii.cycloneiv_hssi_pcie_hip|pclkch0'
Slack : 3.971
TNS   : 0.000

Type  : Slow 1200mV 0C Model Minimum Pulse Width 'refclk'
Slack : 4.811
TNS   : 0.000

Type  : Slow 1200mV 0C Model Minimum Pulse Width 'CLOCK_50'
Slack : 9.769
TNS   : 0.000

Type  : Slow 1200mV 0C Model Minimum Pulse Width 'CLOCK2_50'
Slack : 16.000
TNS   : 0.000

Type  : Slow 1200mV 0C Model Minimum Pulse Width 'CLOCK3_50'
Slack : 16.000
TNS   : 0.000

Type  : Slow 1200mV 0C Model Minimum Pulse Width 'altera_reserved_tck'
Slack : 49.752
TNS   : 0.000

Type  : Fast 1200mV 0C Model Setup 'CLOCK_50'
Slack : -1.288
TNS   : -6.836

Type  : Fast 1200mV 0C Model Setup 'u0|pcie_ip|pcie_internal_hip|cyclone_iii.cycloneiv_hssi_pcie_hip|coreclkout'
Slack : 3.557
TNS   : 0.000

Type  : Fast 1200mV 0C Model Setup 'n/a'
Slack : 16.571
TNS   : 0.000

Type  : Fast 1200mV 0C Model Setup 'altera_reserved_tck'
Slack : 47.997
TNS   : 0.000

Type  : Fast 1200mV 0C Model Hold 'u0|pcie_ip|pcie_internal_hip|cyclone_iii.cycloneiv_hssi_pcie_hip|coreclkout'
Slack : 0.111
TNS   : 0.000

Type  : Fast 1200mV 0C Model Hold 'altera_reserved_tck'
Slack : 0.175
TNS   : 0.000

Type  : Fast 1200mV 0C Model Hold 'CLOCK_50'
Slack : 0.177
TNS   : 0.000

Type  : Fast 1200mV 0C Model Hold 'n/a'
Slack : 2.606
TNS   : 0.000

Type  : Fast 1200mV 0C Model Recovery 'u0|pcie_ip|pcie_internal_hip|cyclone_iii.cycloneiv_hssi_pcie_hip|coreclkout'
Slack : 4.957
TNS   : 0.000

Type  : Fast 1200mV 0C Model Recovery 'CLOCK_50'
Slack : 18.524
TNS   : 0.000

Type  : Fast 1200mV 0C Model Recovery 'altera_reserved_tck'
Slack : 49.594
TNS   : 0.000

Type  : Fast 1200mV 0C Model Removal 'u0|pcie_ip|pcie_internal_hip|cyclone_iii.cycloneiv_hssi_pcie_hip|coreclkout'
Slack : 0.479
TNS   : 0.000

Type  : Fast 1200mV 0C Model Removal 'altera_reserved_tck'
Slack : 0.558
TNS   : 0.000

Type  : Fast 1200mV 0C Model Removal 'CLOCK_50'
Slack : 1.070
TNS   : 0.000

Type  : Fast 1200mV 0C Model Minimum Pulse Width 'u0|pcie_ip|altgx_internal|de2i_150_qsys_pcie_ip_altgx_internal_alt_c3gxb_u7h8_component|transmit_pcs0|hiptxclkout'
Slack : 2.000
TNS   : 0.000

Type  : Fast 1200mV 0C Model Minimum Pulse Width 'u0|pcie_ip|altgx_internal|de2i_150_qsys_pcie_ip_altgx_internal_alt_c3gxb_u7h8_component|transmit_pma0|clockout'
Slack : 2.000
TNS   : 0.000

Type  : Fast 1200mV 0C Model Minimum Pulse Width 'u0|pcie_ip|pcie_internal_hip|cyclone_iii.cycloneiv_hssi_pcie_hip|coreclkout'
Slack : 3.681
TNS   : 0.000

Type  : Fast 1200mV 0C Model Minimum Pulse Width 'u0|pcie_ip|pcie_internal_hip|cyclone_iii.cycloneiv_hssi_pcie_hip|pclkch0'
Slack : 3.994
TNS   : 0.000

Type  : Fast 1200mV 0C Model Minimum Pulse Width 'refclk'
Slack : 4.570
TNS   : 0.000

Type  : Fast 1200mV 0C Model Minimum Pulse Width 'CLOCK_50'
Slack : 9.284
TNS   : 0.000

Type  : Fast 1200mV 0C Model Minimum Pulse Width 'CLOCK2_50'
Slack : 16.000
TNS   : 0.000

Type  : Fast 1200mV 0C Model Minimum Pulse Width 'CLOCK3_50'
Slack : 16.000
TNS   : 0.000

Type  : Fast 1200mV 0C Model Minimum Pulse Width 'altera_reserved_tck'
Slack : 49.434
TNS   : 0.000

------------------------------------------------------------
